<html>
<body>
<pre>
<h1>µVision Build Log</h1>
<h2>Project:</h2>
C:\Folder\New folder\Smart Irrigation\smart_irrigation.uvproj
Project File Date:  12/14/2024

<h2>Output:</h2>
Rebuild target 'Target 1'
assembling Startup.s...
compiling smart_irrigation.c...
linking...
Program Size: Code=2108 RO-data=32 RW-data=16 ZI-data=1256  
FromELF: creating hex file...
"smart_irrigation.axf" - 0 Error(s), 0 Warning(s).
Rebuild target 'Target 1'
assembling Startup.s...
compiling smart_irrigation.c...
linking...
Program Size: Code=2108 RO-data=32 RW-data=16 ZI-data=1256  
FromELF: creating hex file...
"smart_irrigation.axf" - 0 Error(s), 0 Warning(s).
